---
source: crates/crap-core/src/adapters/reporters/json.rs
expression: v
---
{
  "diff_ref": null,
  "language": "rust",
  "metric": "cognitive",
  "result": {
    "functions": [
      {
        "exceeds": false,
        "scored": {
          "complexity": 5,
          "complexity_metric": "cognitive",
          "contributors": [],
          "coverage_percent": 80.0,
          "crap": {
            "risk_level": "acceptable",
            "value": 5.16
          },
          "identity": {
            "file_path": "src/domain/crap.rs",
            "qualified_name": "compute_crap",
            "span": {
              "end_column": 0,
              "end_line": 10,
              "start_column": 0,
              "start_line": 1
            }
          }
        },
        "threshold": 8.0
      }
    ],
    "passed": true,
    "summary": {
      "average_complexity": 0.0,
      "average_coverage": 0.0,
      "average_crap": 5.16,
      "distribution": {
        "acceptable": 1,
        "high": 0,
        "low": 0,
        "moderate": 0
      },
      "exceeding_threshold": 0,
      "max_complexity": 0,
      "max_crap": {
        "risk_level": "acceptable",
        "value": 5.16
      },
      "median_complexity": 0.0,
      "median_coverage": 0.0,
      "median_crap": 5.16,
      "min_coverage": 0.0,
      "total_files": 1,
      "total_functions": 1,
      "worst_function": {
        "file_path": "src/domain/crap.rs",
        "qualified_name": "compute_crap",
        "span": {
          "end_column": 0,
          "end_line": 10,
          "start_column": 0,
          "start_line": 1
        }
      }
    }
  },
  "schema_version": 2,
  "threshold": 8.0,
  "timestamp": "2026-03-28T12:00:00Z",
  "tool_version": "0.1.0",
  "view": {
    "eligible_count": 1,
    "grouped": null,
    "shown": [
      {
        "exceeds": false,
        "scored": {
          "complexity": 5,
          "complexity_metric": "cognitive",
          "contributors": [],
          "coverage_percent": 80.0,
          "crap": {
            "risk_level": "acceptable",
            "value": 5.16
          },
          "identity": {
            "file_path": "src/domain/crap.rs",
            "qualified_name": "compute_crap",
            "span": {
              "end_column": 0,
              "end_line": 10,
              "start_column": 0,
              "start_line": 1
            }
          }
        },
        "threshold": 8.0
      }
    ],
    "shown_summary": {
      "average_complexity": 5.0,
      "average_coverage": 80.0,
      "average_crap": 5.16,
      "distribution": {
        "acceptable": 1,
        "high": 0,
        "low": 0,
        "moderate": 0
      },
      "exceeding_threshold": 0,
      "max_complexity": 5,
      "max_crap": {
        "risk_level": "low",
        "value": 5.16
      },
      "median_complexity": 5.0,
      "median_coverage": 80.0,
      "median_crap": 5.16,
      "min_coverage": 80.0,
      "total_files": 1,
      "total_functions": 1,
      "worst_function": {
        "file_path": "src/domain/crap.rs",
        "qualified_name": "compute_crap",
        "span": {
          "end_column": 0,
          "end_line": 10,
          "start_column": 0,
          "start_line": 1
        }
      }
    },
    "spec": {
      "filters": {
        "coverage_range": null,
        "only_failing": false
      },
      "group_by": null,
      "limit": null,
      "sort": "crap"
    },
    "truncated": false
  }
}
