---
source: crates/crap-core/src/adapters/reporters/table.rs
expression: output
---
test-adapter v0.4.0 — CRAP Score Analysis

+------------------------------+--------------+----+------+-------+------+
| File                         | Function     | CC | Cov% | CRAP  | Risk |
+========================================================================+
| src/adapters/baseline.rs     | new_fn       | 10 | 40.0 | 30.00 | high |
|------------------------------+--------------+----+------+-------+------|
| src/adapters/coverage/mod.rs | parse_record | 6  | 60.0 | 22.00 | high |
|------------------------------+--------------+----+------+-------+------|
| src/lib.rs                   | simple_fn    | 2  | 95.0 | 3.00  | low  |
+------------------------------+--------------+----+------+-------+------+

Summary: 3 functions | 2 above threshold (8) | worst: 30.0 | FAIL
         avg: 18.3 | median: 22.0 | low: 1 | acceptable: 0 | moderate: 0 | high: 2

Delta vs baseline:
  +1 added, 1 removed, 2 modified · 1 regressions, 0 improvements, 1 new violations

+----------+------------------------------+--------------+----------+---------+-------+
| Kind     | File                         | Function     | Baseline | Current | Δ     |
+=====================================================================================+
| added    | src/adapters/baseline.rs     | new_fn       | —        | 30.00   | —     |
|----------+------------------------------+--------------+----------+---------+-------|
| modified | src/adapters/coverage/mod.rs | parse_record | 15.00    | 22.00   | +7.00 |
|----------+------------------------------+--------------+----------+---------+-------|
| modified | src/lib.rs                   | simple_fn    | 3.00     | 3.00    | 0.00  |
|----------+------------------------------+--------------+----------+---------+-------|
| removed  | src/domain/crap.rs           | complex_fn   | 45.20    | —       | —     |
+----------+------------------------------+--------------+----------+---------+-------+
