---
source: src/adapters/reporters/table.rs
expression: output
---
crap4rs v0.4.0 — CRAP Score Analysis

+------------------------------+--------------+----+------+-------+----------+
| File                         | Function     | CC | Cov% | CRAP  | Risk     |
+============================================================================+
| src/domain/crap.rs           | complex_fn   | 20 | 30.0 | 45.20 | high     |
|------------------------------+--------------+----+------+-------+----------|
| src/adapters/coverage/mod.rs | parse_record | 6  | 72.5 | 15.00 | moderate |
|------------------------------+--------------+----+------+-------+----------|
| src/lib.rs                   | simple_fn    | 2  | 95.0 | 3.00  | low      |
+------------------------------+--------------+----+------+-------+----------+

Summary: 3 functions | 2 above threshold (8) | worst: 45.2 | FAIL
         avg: 21.1 | median: 15.0 | low: 1 | acceptable: 0 | moderate: 1 | high: 1
